// Jest Snapshot v1, https://goo.gl/fbAQLP

exports[`navbar Test if the UI matches  1`] = `
<div
  className="nave"
>
  <h1>
    Math Magicians
  </h1>
  <nav>
    <a
      className="link"
      href="/"
      onClick={[Function]}
    >
      Home
    </a>
    <a
      className="link"
      href="/calculator"
      onClick={[Function]}
    >
      Calculator
    </a>
    <a
      className="link"
      href="/quote"
      onClick={[Function]}
    >
      Quote
    </a>
  </nav>
</div>
`;
